// Vitest Snapshot v1, https://vitest.dev/guide/snapshot.html

exports[`<Dashboard /> > Matches snapshot 1`] = `
{
  "asFragment": [Function],
  "baseElement": <body>
    <div>
      <div
        class="dashboard"
      >
        <h2>
          Users
        </h2>
        <main
          class="dashboard_main"
        >
          <section
            class="dashboard_tabs"
          >
            <div
              class="dashboard_box"
            >
              <div
                class="dashboard_box_icon"
                style="background: rgba(223, 24, 255, 0.102);"
              >
                <img
                  height="20px"
                  src="/icons/users.svg"
                  width="20px"
                />
              </div>
              <div
                class="dashboard_box_text"
              >
                USERS
              </div>
              <h2
                class="dashboard_box_number"
              />
            </div>
            <div
              class="dashboard_box"
            >
              <div
                class="dashboard_box_icon"
                style="background: rgba(87, 24, 255, 0.102);"
              >
                <img
                  height="20px"
                  src="/icons/active_users.svg"
                  width="20px"
                />
              </div>
              <div
                class="dashboard_box_text"
              >
                ACTIVE USERS
              </div>
              <h2
                class="dashboard_box_number"
              />
            </div>
            <div
              class="dashboard_box"
            >
              <div
                class="dashboard_box_icon"
                style="background: rgba(245, 95, 68, 0.102);"
              >
                <img
                  height="20px"
                  src="/icons/users_with_loan.svg"
                  width="20px"
                />
              </div>
              <div
                class="dashboard_box_text"
              >
                USERS WITH LOANS
              </div>
              <h2
                class="dashboard_box_number"
              />
            </div>
            <div
              class="dashboard_box"
            >
              <div
                class="dashboard_box_icon"
                style="background: rgba(255, 51, 102, 0.102);"
              >
                <img
                  height="20px"
                  src="/icons/users_with_savings.svg"
                  width="20px"
                />
              </div>
              <div
                class="dashboard_box_text"
              >
                USERS WITH SAVINGS
              </div>
              <h2
                class="dashboard_box_number"
              />
            </div>
          </section>
          <section
            class="dashboard_table_containers"
          >
            <div
              class="dashboard_not_found"
            >
              <div
                class="not_found"
              >
                <h1>
                  No User Found
                </h1>
                <div
                  class="not_found_text"
                >
                  uh-oh....this is a problem
                </div>
              </div>
            </div>
          </section>
        </main>
      </div>
    </div>
  </body>,
  "container": <div>
    <div
      class="dashboard"
    >
      <h2>
        Users
      </h2>
      <main
        class="dashboard_main"
      >
        <section
          class="dashboard_tabs"
        >
          <div
            class="dashboard_box"
          >
            <div
              class="dashboard_box_icon"
              style="background: rgba(223, 24, 255, 0.102);"
            >
              <img
                height="20px"
                src="/icons/users.svg"
                width="20px"
              />
            </div>
            <div
              class="dashboard_box_text"
            >
              USERS
            </div>
            <h2
              class="dashboard_box_number"
            />
          </div>
          <div
            class="dashboard_box"
          >
            <div
              class="dashboard_box_icon"
              style="background: rgba(87, 24, 255, 0.102);"
            >
              <img
                height="20px"
                src="/icons/active_users.svg"
                width="20px"
              />
            </div>
            <div
              class="dashboard_box_text"
            >
              ACTIVE USERS
            </div>
            <h2
              class="dashboard_box_number"
            />
          </div>
          <div
            class="dashboard_box"
          >
            <div
              class="dashboard_box_icon"
              style="background: rgba(245, 95, 68, 0.102);"
            >
              <img
                height="20px"
                src="/icons/users_with_loan.svg"
                width="20px"
              />
            </div>
            <div
              class="dashboard_box_text"
            >
              USERS WITH LOANS
            </div>
            <h2
              class="dashboard_box_number"
            />
          </div>
          <div
            class="dashboard_box"
          >
            <div
              class="dashboard_box_icon"
              style="background: rgba(255, 51, 102, 0.102);"
            >
              <img
                height="20px"
                src="/icons/users_with_savings.svg"
                width="20px"
              />
            </div>
            <div
              class="dashboard_box_text"
            >
              USERS WITH SAVINGS
            </div>
            <h2
              class="dashboard_box_number"
            />
          </div>
        </section>
        <section
          class="dashboard_table_containers"
        >
          <div
            class="dashboard_not_found"
          >
            <div
              class="not_found"
            >
              <h1>
                No User Found
              </h1>
              <div
                class="not_found_text"
              >
                uh-oh....this is a problem
              </div>
            </div>
          </div>
        </section>
      </main>
    </div>
  </div>,
  "debug": [Function],
  "findAllByAltText": [Function],
  "findAllByDisplayValue": [Function],
  "findAllByLabelText": [Function],
  "findAllByPlaceholderText": [Function],
  "findAllByRole": [Function],
  "findAllByTestId": [Function],
  "findAllByText": [Function],
  "findAllByTitle": [Function],
  "findByAltText": [Function],
  "findByDisplayValue": [Function],
  "findByLabelText": [Function],
  "findByPlaceholderText": [Function],
  "findByRole": [Function],
  "findByTestId": [Function],
  "findByText": [Function],
  "findByTitle": [Function],
  "getAllByAltText": [Function],
  "getAllByDisplayValue": [Function],
  "getAllByLabelText": [Function],
  "getAllByPlaceholderText": [Function],
  "getAllByRole": [Function],
  "getAllByTestId": [Function],
  "getAllByText": [Function],
  "getAllByTitle": [Function],
  "getByAltText": [Function],
  "getByDisplayValue": [Function],
  "getByLabelText": [Function],
  "getByPlaceholderText": [Function],
  "getByRole": [Function],
  "getByTestId": [Function],
  "getByText": [Function],
  "getByTitle": [Function],
  "queryAllByAltText": [Function],
  "queryAllByDisplayValue": [Function],
  "queryAllByLabelText": [Function],
  "queryAllByPlaceholderText": [Function],
  "queryAllByRole": [Function],
  "queryAllByTestId": [Function],
  "queryAllByText": [Function],
  "queryAllByTitle": [Function],
  "queryByAltText": [Function],
  "queryByDisplayValue": [Function],
  "queryByLabelText": [Function],
  "queryByPlaceholderText": [Function],
  "queryByRole": [Function],
  "queryByTestId": [Function],
  "queryByText": [Function],
  "queryByTitle": [Function],
  "rerender": [Function],
  "unmount": [Function],
}
`;
